// Jest Snapshot v1, https://goo.gl/fbAQLP

exports[`Picture.vue component should match with the snapshot 1`] = `
<div class="pokemon-container"><img src="https://raw.githubusercontent.com/PokeAPI/sprites/master/sprites/pokemon/other/dream-world/1.svg" alt="pokemon" class="hidden">
  <!--v-if-->
</div>
`;
